// Jest Snapshot v1, https://goo.gl/fbAQLP

exports[`SignUp should return all users from the database 1`] = `
{
  "__v": 0,
  "_id": "66825c5aa6435725d14e6704",
  "email": "john.doe@example.com",
  "firstname": "John",
  "lastname": "Doe",
  "municipality": "Boac",
  "password": "$2b$10$XJFv7TRQylN693uKToU2Ie3wi4Dcxtr7FxxNB0PUb.wuvpryGJGw.",
  "phoneNumber": "09123456789",
  "streetAddress": "123 Main St",
}
`;
